#-----------------------------------------------------------
# Vivado v2019.1.1 (64-bit)
# SW Build 2580384 on Sat Jun 29 08:04:45 MDT 2019
# IP Build 2579722 on Sat Jun 29 11:35:40 MDT 2019
# Start of session at: Wed Aug  5 14:06:38 2020
# Process ID: 21848
# Current directory: /home/seba/Workspace/projects/ten_gbe_kintex
# Command line: vivado
# Log file: /home/seba/Workspace/projects/ten_gbe_kintex/vivado.log
# Journal file: /home/seba/Workspace/projects/ten_gbe_kintex/vivado.jou
#-----------------------------------------------------------
start_gui
open_project /home/seba/Workspace/projects/ten_gbe_kintex/kintex_tge/kintex_tge.xpr
update_compile_order -fileset sources_1
close [ open /home/seba/Workspace/projects/ten_gbe_kintex/kintex_tge/kintex_tge.srcs/sources_1/new/head.v w ]
add_files /home/seba/Workspace/projects/ten_gbe_kintex/kintex_tge/kintex_tge.srcs/sources_1/new/head.v
update_compile_order -fileset sources_1
# Disabling source management mode.  This is to allow the top design properties to be set without GUI intervention.
set_property source_mgmt_mode None [current_project]
set_property top head [current_fileset]
# Re-enabling previously disabled source management mode.
set_property source_mgmt_mode All [current_project]
update_compile_order -fileset sources_1
open_bd_design {/home/seba/Workspace/projects/ten_gbe_kintex/kintex_tge/kintex_tge.srcs/sources_1/bd/design_1/design_1.bd}
startgroup
create_bd_cell -type ip -vlnv xilinx.com:ip:blk_mem_gen:8.4 blk_mem_gen_0
endgroup
delete_bd_objs [get_bd_cells blk_mem_gen_0]
export_ip_user_files -of_objects  [get_files /home/seba/Workspace/projects/ten_gbe_kintex/kintex_tge/kintex_tge.srcs/sources_1/new/head.v] -no_script -reset -force -quiet
remove_files  /home/seba/Workspace/projects/ten_gbe_kintex/kintex_tge/kintex_tge.srcs/sources_1/new/head.v
file delete -force /home/seba/Workspace/projects/ten_gbe_kintex/kintex_tge/kintex_tge.srcs/sources_1/new/head.v
update_compile_order -fileset sources_1
export_ip_user_files -of_objects  [get_files /home/seba/Workspace/projects/ten_gbe_kintex/kintex_tge/kintex_tge.srcs/sources_1/bd/design_1/design_1.bd] -no_script -reset -force -quiet
remove_files  /home/seba/Workspace/projects/ten_gbe_kintex/kintex_tge/kintex_tge.srcs/sources_1/bd/design_1/design_1.bd
file delete -force /home/seba/Workspace/projects/ten_gbe_kintex/kintex_tge/kintex_tge.srcs/sources_1/bd/design_1
set_property top fpga [current_fileset]
update_compile_order -fileset sources_1
